// Jest Snapshot v1, https://goo.gl/fbAQLP

exports[`components/atoms/title/SectionTitle 正常系 初期表示 1`] = `
<div
  className="root"
>
  <h2
    className="title"
  >
    タイトル
  </h2>
</div>
`;
