// Jest Snapshot v1, https://goo.gl/fbAQLP

exports[`components/molecules/checkbox/prefecture/CheckBoxPrefecture 正常系 label/valueの確認 1`] = `
<label
  className="label"
>
  <input
    onChange={[Function]}
    type="checkbox"
    value={1}
  />
  <span>
    北海道
  </span>
</label>
`;
